// Jest Snapshot v1, https://goo.gl/fbAQLP

exports[`test \`Absolute\` component position 1`] = `
.c0 {
  position: absolute;
}

<div
  className=" c0"
/>
`;
