// Jest Snapshot v1, https://goo.gl/fbAQLP

exports[`test \`Fixed\` component position 1`] = `
.c0 {
  position: fixed;
}

<div
  className=" c0"
/>
`;
