// Jest Snapshot v1, https://goo.gl/fbAQLP

exports[`test \`Flex\` component position 1`] = `
.c0 {
  -webkit-align-items: center;
  -webkit-box-align: center;
  -ms-flex-align: center;
  align-items: center;
}

.c1 {
  display: -webkit-box;
  display: -webkit-flex;
  display: -ms-flexbox;
  display: flex;
}

<div
  className="c0 c1"
/>
`;
