// Jest Snapshot v1, https://goo.gl/fbAQLP

exports[`test \`Grid\` component position 1`] = `
.c0 {
  display: grid;
}

<div
  className=" c0"
/>
`;
