// Jest Snapshot v1, https://goo.gl/fbAQLP

exports[`test \`Sticky\` component position 1`] = `
.c0 {
  position: -webkit-sticky;
  position: -webkit-sticky;
  position: sticky;
}

<div
  className=" c0"
/>
`;
